// Jest Snapshot v1, https://goo.gl/fbAQLP

exports[`Form should not regress 1`] = `undefined`;
