// Jest Snapshot v1, https://goo.gl/fbAQLP

exports[`Overlay should not regress 1`] = `"<div class=\\"container\\"><div class=\\"content\\"></div><div class=\\"overlay\\" typeof=\\"overlay\\"></div></div>"`;
