// Jest Snapshot v1, https://goo.gl/fbAQLP

exports[`<CheckboxGroup /> should allow for animations to be disabled explicitly 1`] = `
<fieldset
  class="checkboxGroup checkboxGroup"
  id="checkboxGroup5"
  name="checkboxGroup5"
  role="group"
>
  <legend
    class="label md"
    id="checkboxGroup5-label"
  />
  <div
    aria-checked="false"
    aria-disabled="false"
    class="checkbox md none notAnimated"
    id="7"
    role="checkbox"
    tabindex="0"
  >
    <input
      id="7-input"
      name="7"
      role="hidden"
      tabindex="-1"
      title="7"
      type="checkbox"
      value=""
    />
    <div
      class="container"
      id="7-container"
    >
      <div
        class="box"
        id="7-box"
      />
      <div
        class="fill"
        id="7-fill"
      />
      <div
        class="check"
        id="7-checkmark"
      />
    </div>
    <label
      class="label"
      for="7-label"
    >
      Test 1
    </label>
  </div>
  <div
    aria-checked="false"
    aria-disabled="false"
    class="checkbox md none notAnimated"
    id="8"
    role="checkbox"
    tabindex="0"
  >
    <input
      id="8-input"
      name="8"
      role="hidden"
      tabindex="-1"
      title="8"
      type="checkbox"
      value=""
    />
    <div
      class="container"
      id="8-container"
    >
      <div
        class="box"
        id="8-box"
      />
      <div
        class="fill"
        id="8-fill"
      />
      <div
        class="check"
        id="8-checkmark"
      />
    </div>
    <label
      class="label"
      for="8-label"
    >
      Test 2
    </label>
  </div>
  <div
    aria-checked="false"
    aria-disabled="false"
    class="checkbox md none notAnimated"
    id="9"
    role="checkbox"
    tabindex="0"
  >
    <input
      id="9-input"
      name="9"
      role="hidden"
      tabindex="-1"
      title="9"
      type="checkbox"
      value=""
    />
    <div
      class="container"
      id="9-container"
    >
      <div
        class="box"
        id="9-box"
      />
      <div
        class="fill"
        id="9-fill"
      />
      <div
        class="check"
        id="9-checkmark"
      />
    </div>
    <label
      class="label"
      for="9-label"
    >
      Test 3
    </label>
  </div>
</fieldset>
`;

exports[`<CheckboxGroup /> should render without props or children 1`] = `
{
  "asFragment": [Function],
  "baseElement": <body>
    <div>
      <fieldset
        class="checkboxGroup checkboxGroup"
        id="checkboxGroup1"
        name="checkboxGroup1"
        role="group"
      >
        <legend
          class="label md"
          id="checkboxGroup1-label"
        />
      </fieldset>
    </div>
    <div>
      <fieldset
        class="checkboxGroup checkboxGroup"
        id="checkboxGroup2"
        name="checkboxGroup2"
        role="group"
      >
        <legend
          class="label md"
          id="checkboxGroup2-label"
        />
      </fieldset>
    </div>
  </body>,
  "container": <div>
    <fieldset
      class="checkboxGroup checkboxGroup"
      id="checkboxGroup2"
      name="checkboxGroup2"
      role="group"
    >
      <legend
        class="label md"
        id="checkboxGroup2-label"
      />
    </fieldset>
  </div>,
  "debug": [Function],
  "findAllByAltText": [Function],
  "findAllByDisplayValue": [Function],
  "findAllByLabelText": [Function],
  "findAllByPlaceholderText": [Function],
  "findAllByRole": [Function],
  "findAllByTestId": [Function],
  "findAllByText": [Function],
  "findAllByTitle": [Function],
  "findByAltText": [Function],
  "findByDisplayValue": [Function],
  "findByLabelText": [Function],
  "findByPlaceholderText": [Function],
  "findByRole": [Function],
  "findByTestId": [Function],
  "findByText": [Function],
  "findByTitle": [Function],
  "getAllByAltText": [Function],
  "getAllByDisplayValue": [Function],
  "getAllByLabelText": [Function],
  "getAllByPlaceholderText": [Function],
  "getAllByRole": [Function],
  "getAllByTestId": [Function],
  "getAllByText": [Function],
  "getAllByTitle": [Function],
  "getByAltText": [Function],
  "getByDisplayValue": [Function],
  "getByLabelText": [Function],
  "getByPlaceholderText": [Function],
  "getByRole": [Function],
  "getByTestId": [Function],
  "getByText": [Function],
  "getByTitle": [Function],
  "queryAllByAltText": [Function],
  "queryAllByDisplayValue": [Function],
  "queryAllByLabelText": [Function],
  "queryAllByPlaceholderText": [Function],
  "queryAllByRole": [Function],
  "queryAllByTestId": [Function],
  "queryAllByText": [Function],
  "queryAllByTitle": [Function],
  "queryByAltText": [Function],
  "queryByDisplayValue": [Function],
  "queryByLabelText": [Function],
  "queryByPlaceholderText": [Function],
  "queryByRole": [Function],
  "queryByTestId": [Function],
  "queryByText": [Function],
  "queryByTitle": [Function],
  "rerender": [Function],
  "unmount": [Function],
}
`;
