// Jest Snapshot v1, https://goo.gl/fbAQLP

exports[`<RadioGroup /> should allow for animations to be disabled explicitly 1`] = `
<fieldset
  class="radioGroup radioGroup"
  id="11"
  name="11"
  role="radiogroup"
>
  <legend
    class="label md"
    id="11-label"
  />
  <div
    aria-checked="false"
    aria-disabled="false"
    class="radio md none notAnimated"
    id="12"
    role="radio"
    tabindex="0"
  >
    <input
      id="12-input"
      name="12"
      role="hidden"
      tabindex="-1"
      title="12"
      type="radio"
      value=""
    />
    <div
      class="container"
      id="12-container"
    >
      <div
        class="box"
        id="12-box"
      />
      <div
        class="fill"
        id="12-fill"
      />
    </div>
    <label
      class="label"
      for="12-label"
    >
      Test 1
    </label>
  </div>
  <div
    aria-checked="false"
    aria-disabled="false"
    class="radio md none notAnimated"
    id="13"
    role="radio"
    tabindex="0"
  >
    <input
      id="13-input"
      name="13"
      role="hidden"
      tabindex="-1"
      title="13"
      type="radio"
      value=""
    />
    <div
      class="container"
      id="13-container"
    >
      <div
        class="box"
        id="13-box"
      />
      <div
        class="fill"
        id="13-fill"
      />
    </div>
    <label
      class="label"
      for="13-label"
    >
      Test 2
    </label>
  </div>
  <div
    aria-checked="false"
    aria-disabled="false"
    class="radio md none notAnimated"
    id="14"
    role="radio"
    tabindex="0"
  >
    <input
      id="14-input"
      name="14"
      role="hidden"
      tabindex="-1"
      title="14"
      type="radio"
      value=""
    />
    <div
      class="container"
      id="14-container"
    >
      <div
        class="box"
        id="14-box"
      />
      <div
        class="fill"
        id="14-fill"
      />
    </div>
    <label
      class="label"
      for="14-label"
    >
      Test 3
    </label>
  </div>
</fieldset>
`;

exports[`<RadioGroup /> should render without props or children 1`] = `
{
  "asFragment": [Function],
  "baseElement": <body>
    <div>
      <fieldset
        class="radioGroup radioGroup"
        id="1"
        name="1"
        role="radiogroup"
      >
        <legend
          class="label md"
          id="1-label"
        />
      </fieldset>
    </div>
    <div>
      <fieldset
        class="radioGroup radioGroup"
        id="2"
        name="2"
        role="radiogroup"
      >
        <legend
          class="label md"
          id="2-label"
        />
      </fieldset>
    </div>
  </body>,
  "container": <div>
    <fieldset
      class="radioGroup radioGroup"
      id="2"
      name="2"
      role="radiogroup"
    >
      <legend
        class="label md"
        id="2-label"
      />
    </fieldset>
  </div>,
  "debug": [Function],
  "findAllByAltText": [Function],
  "findAllByDisplayValue": [Function],
  "findAllByLabelText": [Function],
  "findAllByPlaceholderText": [Function],
  "findAllByRole": [Function],
  "findAllByTestId": [Function],
  "findAllByText": [Function],
  "findAllByTitle": [Function],
  "findByAltText": [Function],
  "findByDisplayValue": [Function],
  "findByLabelText": [Function],
  "findByPlaceholderText": [Function],
  "findByRole": [Function],
  "findByTestId": [Function],
  "findByText": [Function],
  "findByTitle": [Function],
  "getAllByAltText": [Function],
  "getAllByDisplayValue": [Function],
  "getAllByLabelText": [Function],
  "getAllByPlaceholderText": [Function],
  "getAllByRole": [Function],
  "getAllByTestId": [Function],
  "getAllByText": [Function],
  "getAllByTitle": [Function],
  "getByAltText": [Function],
  "getByDisplayValue": [Function],
  "getByLabelText": [Function],
  "getByPlaceholderText": [Function],
  "getByRole": [Function],
  "getByTestId": [Function],
  "getByText": [Function],
  "getByTitle": [Function],
  "queryAllByAltText": [Function],
  "queryAllByDisplayValue": [Function],
  "queryAllByLabelText": [Function],
  "queryAllByPlaceholderText": [Function],
  "queryAllByRole": [Function],
  "queryAllByTestId": [Function],
  "queryAllByText": [Function],
  "queryAllByTitle": [Function],
  "queryByAltText": [Function],
  "queryByDisplayValue": [Function],
  "queryByLabelText": [Function],
  "queryByPlaceholderText": [Function],
  "queryByRole": [Function],
  "queryByTestId": [Function],
  "queryByText": [Function],
  "queryByTitle": [Function],
  "rerender": [Function],
  "unmount": [Function],
}
`;
