// Jest Snapshot v1, https://goo.gl/fbAQLP

exports[`SearchMatch should not regress 1`] = `""`;
